#-----------------------------------------------------------
# Vivado v2023.2 (64-bit)
# SW Build 4029153 on Fri Oct 13 20:14:34 MDT 2023
# IP Build 4028589 on Sat Oct 14 00:45:43 MDT 2023
# SharedData Build 4025554 on Tue Oct 10 17:18:54 MDT 2023
# Start of session at: Sat May 11 11:56:45 2024
# Process ID: 7572
# Current directory: C:/Users/Ilie Nicolai/Desktop/Rezolvari + Test Laborator/Lab5
# Command line: vivado.exe -gui_launcher_event rodinguilauncherevent25096 C:\Users\Ilie Nicolai\Desktop\Rezolvari + Test Laborator\Lab5\Lab5.xpr
# Log file: C:/Users/Ilie Nicolai/Desktop/Rezolvari + Test Laborator/Lab5/vivado.log
# Journal file: C:/Users/Ilie Nicolai/Desktop/Rezolvari + Test Laborator/Lab5\vivado.jou
# Running On: DESKTOP-0TLBRID, OS: Windows, CPU Frequency: 3110 MHz, CPU Physical cores: 12, Host memory: 16858 MB
#-----------------------------------------------------------
start_gui
open_project {C:/Users/Ilie Nicolai/Desktop/Rezolvari + Test Laborator/Lab5/Lab5.xpr}
update_compile_order -fileset sources_1
launch_simulation
source simulare_virgula_mobila.tcl
close_sim
launch_simulation
source simulare_virgula_mobila.tcl
close_sim
launch_simulation
source simulare_virgula_mobila.tcl
close_sim
launch_simulation
source simulare_virgula_mobila.tcl
close_sim
launch_simulation
source simulare_virgula_mobila.tcl
close_sim
launch_simulation
source simulare_virgula_mobila.tcl
close_sim
launch_simulation
source simulare_virgula_mobila.tcl
close_sim
launch_simulation
source simulare_virgula_mobila.tcl
close_sim
launch_simulation
source simulare_virgula_mobila.tcl
close_sim
launch_simulation
source simulare_virgula_mobila.tcl
close_sim
launch_simulation
source simulare_virgula_mobila.tcl
close_sim
launch_simulation
source simulare_virgula_mobila.tcl
close_sim
launch_simulation
source simulare_virgula_mobila.tcl
close_sim
launch_simulation
source simulare_virgula_mobila.tcl
close_sim
export_ip_user_files -of_objects  [get_files {{C:/Users/Ilie Nicolai/Desktop/Rezolvari + Test Laborator/Lab5/Lab5.srcs/sim_1/new/sim_add.v}}] -no_script -reset -force -quiet
remove_files  -fileset sim_1 {{C:/Users/Ilie Nicolai/Desktop/Rezolvari + Test Laborator/Lab5/Lab5.srcs/sim_1/new/sim_add.v}}
set_property SOURCE_SET sources_1 [get_filesets sim_1]
close [ open {C:/Users/Ilie Nicolai/Desktop/Rezolvari + Test Laborator/Lab5/Lab5.srcs/sim_1/new/simulare_virgula_mobila.v} w ]
add_files -fileset sim_1 {{C:/Users/Ilie Nicolai/Desktop/Rezolvari + Test Laborator/Lab5/Lab5.srcs/sim_1/new/simulare_virgula_mobila.v}}
update_compile_order -fileset sim_1
update_compile_order -fileset sim_1
launch_simulation
source simulare_virgula_mobila.tcl
close_sim
launch_simulation
source simulare_virgula_mobila.tcl
close_sim
